
2026-05-08 11:06:03.909 | INFO     | sqlalchemy.log:info:159 - select pg_catalog.version()
2026-05-08 11:06:03.909 | INFO     | sqlalchemy.log:info:159 - [raw sql] ()
2026-05-08 11:06:03.919 | INFO     | sqlalchemy.log:info:159 - select current_schema()
2026-05-08 11:06:03.919 | INFO     | sqlalchemy.log:info:159 - [raw sql] ()
2026-05-08 11:06:03.921 | INFO     | sqlalchemy.log:info:159 - show standard_conforming_strings
2026-05-08 11:06:03.921 | INFO     | sqlalchemy.log:info:159 - [raw sql] ()
2026-05-08 11:06:03.922 | INFO     | sqlalchemy.log:info:159 - BEGIN (implicit)
2026-05-08 11:06:03.925 | INFO     | sqlalchemy.log:info:159 - SELECT pg_catalog.pg_class.relname 
FROM pg_catalog.pg_class JOIN pg_catalog.pg_namespace ON pg_catalog.pg_namespace.oid = pg_catalog.pg_class.relnamespace 
WHERE pg_catalog.pg_class.relname = $1::VARCHAR AND pg_catalog.pg_class.relkind = ANY (ARRAY[$2::VARCHAR, $3::VARCHAR, $4::VARCHAR, $5::VARCHAR, $6::VARCHAR]) AND pg_catalog.pg_table_is_visible(pg_catalog.pg_class.oid) AND pg_catalog.pg_namespace.nspname != $7::VARCHAR
2026-05-08 11:06:03.925 | INFO     | sqlalchemy.log:info:159 - [generated in 0.00038s] ('users', 'r', 'p', 'f', 'v', 'm', 'pg_catalog')
2026-05-08 11:06:03.939 | INFO     | sqlalchemy.log:info:159 - SELECT pg_catalog.pg_class.relname 
FROM pg_catalog.pg_class JOIN pg_catalog.pg_namespace ON pg_catalog.pg_namespace.oid = pg_catalog.pg_class.relnamespace 
WHERE pg_catalog.pg_class.relname = $1::VARCHAR AND pg_catalog.pg_class.relkind = ANY (ARRAY[$2::VARCHAR, $3::VARCHAR, $4::VARCHAR, $5::VARCHAR, $6::VARCHAR]) AND pg_catalog.pg_table_is_visible(pg_catalog.pg_class.oid) AND pg_catalog.pg_namespace.nspname != $7::VARCHAR
2026-05-08 11:06:03.939 | INFO     | sqlalchemy.log:info:159 - [cached since 0.01479s ago] ('words', 'r', 'p', 'f', 'v', 'm', 'pg_catalog')
2026-05-08 11:06:03.940 | INFO     | sqlalchemy.log:info:159 - SELECT pg_catalog.pg_class.relname 
FROM pg_catalog.pg_class JOIN pg_catalog.pg_namespace ON pg_catalog.pg_namespace.oid = pg_catalog.pg_class.relnamespace 
WHERE pg_catalog.pg_class.relname = $1::VARCHAR AND pg_catalog.pg_class.relkind = ANY (ARRAY[$2::VARCHAR, $3::VARCHAR, $4::VARCHAR, $5::VARCHAR, $6::VARCHAR]) AND pg_catalog.pg_table_is_visible(pg_catalog.pg_class.oid) AND pg_catalog.pg_namespace.nspname != $7::VARCHAR
2026-05-08 11:06:03.940 | INFO     | sqlalchemy.log:info:159 - [cached since 0.01561s ago] ('settings', 'r', 'p', 'f', 'v', 'm', 'pg_catalog')
2026-05-08 11:06:03.941 | INFO     | sqlalchemy.log:info:159 - SELECT pg_catalog.pg_class.relname 
FROM pg_catalog.pg_class JOIN pg_catalog.pg_namespace ON pg_catalog.pg_namespace.oid = pg_catalog.pg_class.relnamespace 
WHERE pg_catalog.pg_class.relname = $1::VARCHAR AND pg_catalog.pg_class.relkind = ANY (ARRAY[$2::VARCHAR, $3::VARCHAR, $4::VARCHAR, $5::VARCHAR, $6::VARCHAR]) AND pg_catalog.pg_table_is_visible(pg_catalog.pg_class.oid) AND pg_catalog.pg_namespace.nspname != $7::VARCHAR
2026-05-08 11:06:03.941 | INFO     | sqlalchemy.log:info:159 - [cached since 0.01617s ago] ('sets', 'r', 'p', 'f', 'v', 'm', 'pg_catalog')
2026-05-08 11:06:03.941 | INFO     | sqlalchemy.log:info:159 - COMMIT
2026-05-08 11:06:37.387 | INFO     | sqlalchemy.log:info:159 - select pg_catalog.version()
2026-05-08 11:06:37.388 | INFO     | sqlalchemy.log:info:159 - [raw sql] ()
2026-05-08 11:06:37.389 | INFO     | sqlalchemy.log:info:159 - select current_schema()
2026-05-08 11:06:37.389 | INFO     | sqlalchemy.log:info:159 - [raw sql] ()
2026-05-08 11:06:37.390 | INFO     | sqlalchemy.log:info:159 - show standard_conforming_strings
2026-05-08 11:06:37.390 | INFO     | sqlalchemy.log:info:159 - [raw sql] ()
2026-05-08 11:06:37.391 | INFO     | sqlalchemy.log:info:159 - BEGIN (implicit)
2026-05-08 11:06:37.394 | INFO     | sqlalchemy.log:info:159 - SELECT pg_catalog.pg_class.relname 
FROM pg_catalog.pg_class JOIN pg_catalog.pg_namespace ON pg_catalog.pg_namespace.oid = pg_catalog.pg_class.relnamespace 
WHERE pg_catalog.pg_class.relname = $1::VARCHAR AND pg_catalog.pg_class.relkind = ANY (ARRAY[$2::VARCHAR, $3::VARCHAR, $4::VARCHAR, $5::VARCHAR, $6::VARCHAR]) AND pg_catalog.pg_table_is_visible(pg_catalog.pg_class.oid) AND pg_catalog.pg_namespace.nspname != $7::VARCHAR
2026-05-08 11:06:37.394 | INFO     | sqlalchemy.log:info:159 - [generated in 0.00033s] ('users', 'r', 'p', 'f', 'v', 'm', 'pg_catalog')
2026-05-08 11:06:37.396 | INFO     | sqlalchemy.log:info:159 - SELECT pg_catalog.pg_class.relname 
FROM pg_catalog.pg_class JOIN pg_catalog.pg_namespace ON pg_catalog.pg_namespace.oid = pg_catalog.pg_class.relnamespace 
WHERE pg_catalog.pg_class.relname = $1::VARCHAR AND pg_catalog.pg_class.relkind = ANY (ARRAY[$2::VARCHAR, $3::VARCHAR, $4::VARCHAR, $5::VARCHAR, $6::VARCHAR]) AND pg_catalog.pg_table_is_visible(pg_catalog.pg_class.oid) AND pg_catalog.pg_namespace.nspname != $7::VARCHAR
2026-05-08 11:06:37.396 | INFO     | sqlalchemy.log:info:159 - [cached since 0.002585s ago] ('words', 'r', 'p', 'f', 'v', 'm', 'pg_catalog')
2026-05-08 11:06:37.396 | INFO     | sqlalchemy.log:info:159 - SELECT pg_catalog.pg_class.relname 
FROM pg_catalog.pg_class JOIN pg_catalog.pg_namespace ON pg_catalog.pg_namespace.oid = pg_catalog.pg_class.relnamespace 
WHERE pg_catalog.pg_class.relname = $1::VARCHAR AND pg_catalog.pg_class.relkind = ANY (ARRAY[$2::VARCHAR, $3::VARCHAR, $4::VARCHAR, $5::VARCHAR, $6::VARCHAR]) AND pg_catalog.pg_table_is_visible(pg_catalog.pg_class.oid) AND pg_catalog.pg_namespace.nspname != $7::VARCHAR
2026-05-08 11:06:37.397 | INFO     | sqlalchemy.log:info:159 - [cached since 0.003222s ago] ('settings', 'r', 'p', 'f', 'v', 'm', 'pg_catalog')
2026-05-08 11:06:37.397 | INFO     | sqlalchemy.log:info:159 - SELECT pg_catalog.pg_class.relname 
FROM pg_catalog.pg_class JOIN pg_catalog.pg_namespace ON pg_catalog.pg_namespace.oid = pg_catalog.pg_class.relnamespace 
WHERE pg_catalog.pg_class.relname = $1::VARCHAR AND pg_catalog.pg_class.relkind = ANY (ARRAY[$2::VARCHAR, $3::VARCHAR, $4::VARCHAR, $5::VARCHAR, $6::VARCHAR]) AND pg_catalog.pg_table_is_visible(pg_catalog.pg_class.oid) AND pg_catalog.pg_namespace.nspname != $7::VARCHAR
2026-05-08 11:06:37.397 | INFO     | sqlalchemy.log:info:159 - [cached since 0.00384s ago] ('sets', 'r', 'p', 'f', 'v', 'm', 'pg_catalog')
2026-05-08 11:06:37.398 | INFO     | sqlalchemy.log:info:159 - COMMIT
2026-05-08 11:06:46.500 | INFO     | sqlalchemy.log:info:159 - select pg_catalog.version()
2026-05-08 11:06:46.500 | INFO     | sqlalchemy.log:info:159 - [raw sql] ()
2026-05-08 11:06:46.502 | INFO     | sqlalchemy.log:info:159 - select current_schema()
2026-05-08 11:06:46.502 | INFO     | sqlalchemy.log:info:159 - [raw sql] ()
2026-05-08 11:06:46.503 | INFO     | sqlalchemy.log:info:159 - show standard_conforming_strings
2026-05-08 11:06:46.503 | INFO     | sqlalchemy.log:info:159 - [raw sql] ()
2026-05-08 11:06:46.503 | INFO     | sqlalchemy.log:info:159 - BEGIN (implicit)
2026-05-08 11:06:46.506 | INFO     | sqlalchemy.log:info:159 - SELECT pg_catalog.pg_class.relname 
FROM pg_catalog.pg_class JOIN pg_catalog.pg_namespace ON pg_catalog.pg_namespace.oid = pg_catalog.pg_class.relnamespace 
WHERE pg_catalog.pg_class.relname = $1::VARCHAR AND pg_catalog.pg_class.relkind = ANY (ARRAY[$2::VARCHAR, $3::VARCHAR, $4::VARCHAR, $5::VARCHAR, $6::VARCHAR]) AND pg_catalog.pg_table_is_visible(pg_catalog.pg_class.oid) AND pg_catalog.pg_namespace.nspname != $7::VARCHAR
2026-05-08 11:06:46.506 | INFO     | sqlalchemy.log:info:159 - [generated in 0.00027s] ('users', 'r', 'p', 'f', 'v', 'm', 'pg_catalog')
2026-05-08 11:06:46.508 | INFO     | sqlalchemy.log:info:159 - SELECT pg_catalog.pg_class.relname 
FROM pg_catalog.pg_class JOIN pg_catalog.pg_namespace ON pg_catalog.pg_namespace.oid = pg_catalog.pg_class.relnamespace 
WHERE pg_catalog.pg_class.relname = $1::VARCHAR AND pg_catalog.pg_class.relkind = ANY (ARRAY[$2::VARCHAR, $3::VARCHAR, $4::VARCHAR, $5::VARCHAR, $6::VARCHAR]) AND pg_catalog.pg_table_is_visible(pg_catalog.pg_class.oid) AND pg_catalog.pg_namespace.nspname != $7::VARCHAR
2026-05-08 11:06:46.509 | INFO     | sqlalchemy.log:info:159 - [cached since 0.002896s ago] ('words', 'r', 'p', 'f', 'v', 'm', 'pg_catalog')
2026-05-08 11:06:46.509 | INFO     | sqlalchemy.log:info:159 - SELECT pg_catalog.pg_class.relname 
FROM pg_catalog.pg_class JOIN pg_catalog.pg_namespace ON pg_catalog.pg_namespace.oid = pg_catalog.pg_class.relnamespace 
WHERE pg_catalog.pg_class.relname = $1::VARCHAR AND pg_catalog.pg_class.relkind = ANY (ARRAY[$2::VARCHAR, $3::VARCHAR, $4::VARCHAR, $5::VARCHAR, $6::VARCHAR]) AND pg_catalog.pg_table_is_visible(pg_catalog.pg_class.oid) AND pg_catalog.pg_namespace.nspname != $7::VARCHAR
2026-05-08 11:06:46.509 | INFO     | sqlalchemy.log:info:159 - [cached since 0.003812s ago] ('settings', 'r', 'p', 'f', 'v', 'm', 'pg_catalog')
2026-05-08 11:06:46.510 | INFO     | sqlalchemy.log:info:159 - SELECT pg_catalog.pg_class.relname 
FROM pg_catalog.pg_class JOIN pg_catalog.pg_namespace ON pg_catalog.pg_namespace.oid = pg_catalog.pg_class.relnamespace 
WHERE pg_catalog.pg_class.relname = $1::VARCHAR AND pg_catalog.pg_class.relkind = ANY (ARRAY[$2::VARCHAR, $3::VARCHAR, $4::VARCHAR, $5::VARCHAR, $6::VARCHAR]) AND pg_catalog.pg_table_is_visible(pg_catalog.pg_class.oid) AND pg_catalog.pg_namespace.nspname != $7::VARCHAR
2026-05-08 11:06:46.510 | INFO     | sqlalchemy.log:info:159 - [cached since 0.004343s ago] ('sets', 'r', 'p', 'f', 'v', 'm', 'pg_catalog')
2026-05-08 11:06:46.510 | INFO     | sqlalchemy.log:info:159 - COMMIT
2026-05-08 11:07:39.602 | INFO     | sqlalchemy.log:info:159 - select pg_catalog.version()
2026-05-08 11:07:39.602 | INFO     | sqlalchemy.log:info:159 - [raw sql] ()
2026-05-08 11:07:39.604 | INFO     | sqlalchemy.log:info:159 - select current_schema()
2026-05-08 11:07:39.604 | INFO     | sqlalchemy.log:info:159 - [raw sql] ()
2026-05-08 11:07:39.604 | INFO     | sqlalchemy.log:info:159 - show standard_conforming_strings
2026-05-08 11:07:39.604 | INFO     | sqlalchemy.log:info:159 - [raw sql] ()
2026-05-08 11:07:39.605 | INFO     | sqlalchemy.log:info:159 - BEGIN (implicit)
2026-05-08 11:07:39.610 | INFO     | sqlalchemy.log:info:159 - SELECT pg_catalog.pg_class.relname 
FROM pg_catalog.pg_class JOIN pg_catalog.pg_namespace ON pg_catalog.pg_namespace.oid = pg_catalog.pg_class.relnamespace 
WHERE pg_catalog.pg_class.relname = $1::VARCHAR AND pg_catalog.pg_class.relkind = ANY (ARRAY[$2::VARCHAR, $3::VARCHAR, $4::VARCHAR, $5::VARCHAR, $6::VARCHAR]) AND pg_catalog.pg_table_is_visible(pg_catalog.pg_class.oid) AND pg_catalog.pg_namespace.nspname != $7::VARCHAR
2026-05-08 11:07:39.610 | INFO     | sqlalchemy.log:info:159 - [generated in 0.00060s] ('users', 'r', 'p', 'f', 'v', 'm', 'pg_catalog')
2026-05-08 11:07:39.612 | INFO     | sqlalchemy.log:info:159 - SELECT pg_catalog.pg_class.relname 
FROM pg_catalog.pg_class JOIN pg_catalog.pg_namespace ON pg_catalog.pg_namespace.oid = pg_catalog.pg_class.relnamespace 
WHERE pg_catalog.pg_class.relname = $1::VARCHAR AND pg_catalog.pg_class.relkind = ANY (ARRAY[$2::VARCHAR, $3::VARCHAR, $4::VARCHAR, $5::VARCHAR, $6::VARCHAR]) AND pg_catalog.pg_table_is_visible(pg_catalog.pg_class.oid) AND pg_catalog.pg_namespace.nspname != $7::VARCHAR
2026-05-08 11:07:39.613 | INFO     | sqlalchemy.log:info:159 - [cached since 0.003176s ago] ('words', 'r', 'p', 'f', 'v', 'm', 'pg_catalog')
2026-05-08 11:07:39.613 | INFO     | sqlalchemy.log:info:159 - SELECT pg_catalog.pg_class.relname 
FROM pg_catalog.pg_class JOIN pg_catalog.pg_namespace ON pg_catalog.pg_namespace.oid = pg_catalog.pg_class.relnamespace 
WHERE pg_catalog.pg_class.relname = $1::VARCHAR AND pg_catalog.pg_class.relkind = ANY (ARRAY[$2::VARCHAR, $3::VARCHAR, $4::VARCHAR, $5::VARCHAR, $6::VARCHAR]) AND pg_catalog.pg_table_is_visible(pg_catalog.pg_class.oid) AND pg_catalog.pg_namespace.nspname != $7::VARCHAR
2026-05-08 11:07:39.613 | INFO     | sqlalchemy.log:info:159 - [cached since 0.003953s ago] ('settings', 'r', 'p', 'f', 'v', 'm', 'pg_catalog')
2026-05-08 11:07:39.614 | INFO     | sqlalchemy.log:info:159 - SELECT pg_catalog.pg_class.relname 
FROM pg_catalog.pg_class JOIN pg_catalog.pg_namespace ON pg_catalog.pg_namespace.oid = pg_catalog.pg_class.relnamespace 
WHERE pg_catalog.pg_class.relname = $1::VARCHAR AND pg_catalog.pg_class.relkind = ANY (ARRAY[$2::VARCHAR, $3::VARCHAR, $4::VARCHAR, $5::VARCHAR, $6::VARCHAR]) AND pg_catalog.pg_table_is_visible(pg_catalog.pg_class.oid) AND pg_catalog.pg_namespace.nspname != $7::VARCHAR
2026-05-08 11:07:39.614 | INFO     | sqlalchemy.log:info:159 - [cached since 0.004591s ago] ('sets', 'r', 'p', 'f', 'v', 'm', 'pg_catalog')
2026-05-08 11:07:39.615 | INFO     | sqlalchemy.log:info:159 - COMMIT
2026-05-08 11:10:07.627 | INFO     | app.main:log_requests:58 - Incoming request: GET http://127.0.0.1:8000/
2026-05-08 11:10:07.628 | INFO     | app.main:root:25 - Root endpoint called
2026-05-08 11:10:07.629 | INFO     | app.main:log_requests:66 - Response status: 200
2026-05-08 11:10:07.679 | INFO     | app.main:log_requests:58 - Incoming request: GET http://127.0.0.1:8000/favicon.ico
2026-05-08 11:10:07.679 | INFO     | app.main:log_requests:66 - Response status: 404
2026-05-08 11:10:23.418 | INFO     | app.main:log_requests:58 - Incoming request: OPTIONS http://127.0.0.1:8000/frontend-log
2026-05-08 11:10:23.418 | INFO     | app.main:log_requests:58 - Incoming request: OPTIONS http://127.0.0.1:8000/me
2026-05-08 11:10:23.419 | INFO     | app.main:log_requests:66 - Response status: 200
2026-05-08 11:10:23.419 | INFO     | app.main:log_requests:66 - Response status: 200
2026-05-08 11:10:23.424 | INFO     | app.main:log_requests:58 - Incoming request: GET http://127.0.0.1:8000/me
2026-05-08 11:10:23.433 | INFO     | app.main:log_requests:58 - Incoming request: POST http://127.0.0.1:8000/frontend-log
2026-05-08 11:10:23.435 | INFO     | app.routers.logs:receive_frontend_logs:10 - [INFO] Guest token exists {}
2026-05-08 11:10:23.435 | INFO     | app.main:log_requests:66 - Response status: 200
2026-05-08 11:10:23.438 | INFO     | app.routers.auth:get_me:46 - Get current user. 60 - Guest-5846
2026-05-08 11:10:23.439 | INFO     | app.main:log_requests:66 - Response status: 200
2026-05-08 11:10:23.482 | INFO     | app.main:log_requests:58 - Incoming request: POST http://127.0.0.1:8000/frontend-log
2026-05-08 11:10:23.482 | INFO     | app.main:log_requests:58 - Incoming request: OPTIONS http://127.0.0.1:8000/frontend-log
2026-05-08 11:10:23.483 | INFO     | app.main:log_requests:66 - Response status: 200
2026-05-08 11:10:23.483 | INFO     | app.routers.logs:receive_frontend_logs:10 - [INFO] Check guest user {}
2026-05-08 11:10:23.484 | INFO     | app.main:log_requests:66 - Response status: 200
2026-05-08 11:10:23.485 | INFO     | app.main:log_requests:58 - Incoming request: POST http://127.0.0.1:8000/frontend-log
2026-05-08 11:10:23.486 | INFO     | app.routers.logs:receive_frontend_logs:10 - [INFO] Guest user defined {user} {}
2026-05-08 11:10:23.486 | INFO     | app.main:log_requests:66 - Response status: 200
2026-05-08 11:10:57.527 | INFO     | app.main:log_requests:58 - Incoming request: OPTIONS http://127.0.0.1:8000/translate
2026-05-08 11:10:57.527 | INFO     | app.main:log_requests:66 - Response status: 200
2026-05-08 11:10:57.529 | INFO     | app.main:log_requests:58 - Incoming request: POST http://127.0.0.1:8000/translate
2026-05-08 11:10:57.530 | INFO     | app.routers.translation:translate:10 - Translation attempt: vortex
2026-05-08 11:11:07.762 | SUCCESS  | app.routers.translation:translate:19 - Translation success: vortex
2026-05-08 11:11:07.763 | INFO     | app.main:log_requests:66 - Response status: 200
2026-05-08 11:11:07.767 | INFO     | app.main:log_requests:58 - Incoming request: POST http://127.0.0.1:8000/frontend-log
2026-05-08 11:11:07.768 | INFO     | app.routers.logs:receive_frontend_logs:10 - [INFO] Translation request sent {}
2026-05-08 11:11:07.768 | INFO     | app.main:log_requests:66 - Response status: 200
2026-05-08 11:11:31.267 | INFO     | app.main:log_requests:58 - Incoming request: POST http://127.0.0.1:8000/translate
2026-05-08 11:11:31.267 | INFO     | app.routers.translation:translate:10 - Translation attempt: hike
2026-05-08 11:11:39.005 | SUCCESS  | app.routers.translation:translate:19 - Translation success: hike
2026-05-08 11:11:39.006 | INFO     | app.main:log_requests:66 - Response status: 200
2026-05-08 11:11:39.009 | INFO     | app.main:log_requests:58 - Incoming request: POST http://127.0.0.1:8000/frontend-log
2026-05-08 11:11:39.010 | INFO     | app.routers.logs:receive_frontend_logs:10 - [INFO] Translation request sent {}
2026-05-08 11:11:39.010 | INFO     | app.main:log_requests:66 - Response status: 200
2026-05-08 11:11:53.834 | INFO     | app.main:log_requests:58 - Incoming request: OPTIONS http://127.0.0.1:8000/saveWord
2026-05-08 11:11:53.834 | INFO     | app.main:log_requests:66 - Response status: 200
2026-05-08 11:11:53.837 | INFO     | app.main:log_requests:58 - Incoming request: POST http://127.0.0.1:8000/saveWord
2026-05-08 11:11:53.840 | INFO     | app.routers.saveWord:save_word:17 - Saving attempt: hike
2026-05-08 11:11:53.857 | INFO     | app.routers.saveWord:save_word:35 - Word saved success: hike
2026-05-08 11:11:53.857 | INFO     | app.main:log_requests:66 - Response status: 200
2026-05-08 11:12:31.599 | INFO     | app.main:log_requests:58 - Incoming request: OPTIONS http://127.0.0.1:8000/login
2026-05-08 11:12:31.599 | INFO     | app.main:log_requests:66 - Response status: 200
2026-05-08 11:12:31.601 | INFO     | app.main:log_requests:58 - Incoming request: POST http://127.0.0.1:8000/login
2026-05-08 11:12:31.601 | INFO     | app.routers.login:login:16 - Login attempt: a@example.com
2026-05-08 11:12:31.778 | SUCCESS  | app.routers.login:login:39 - User logged in: 47 - Sergey
2026-05-08 11:12:31.779 | INFO     | app.main:log_requests:66 - Response status: 200
2026-05-08 11:12:35.522 | INFO     | app.main:log_requests:58 - Incoming request: POST http://127.0.0.1:8000/login
2026-05-08 11:12:35.523 | INFO     | app.routers.login:login:16 - Login attempt: a@example.com
2026-05-08 11:12:35.679 | SUCCESS  | app.routers.login:login:39 - User logged in: 47 - Sergey
2026-05-08 11:12:35.680 | INFO     | app.main:log_requests:66 - Response status: 200
